[debug] [2026-05-26T14:52:19.456Z] ----------------------------------------------------------------------
[debug] [2026-05-26T14:52:19.458Z] Command:       /usr/local/bin/node /Users/danielflockhart/.npm/_npx/147d4d3b63efa26a/node_modules/.bin/firebase projects:list
[debug] [2026-05-26T14:52:19.459Z] CLI Version:   15.15.0
[debug] [2026-05-26T14:52:19.459Z] Platform:      darwin
[debug] [2026-05-26T14:52:19.459Z] Node Version:  v20.16.0
[debug] [2026-05-26T14:52:19.459Z] Time:          Tue May 26 2026 15:52:19 GMT+0100 (British Summer Time)
[debug] [2026-05-26T14:52:19.459Z] ----------------------------------------------------------------------
[debug] 
[debug] [2026-05-26T14:52:19.460Z] >>> [apiv2][query] GET https://firebase-public.firebaseio.com/cli.json [none]
[debug] [2026-05-26T14:52:19.596Z] > command requires scopes: ["email","openid","https://www.googleapis.com/auth/cloudplatformprojects.readonly","https://www.googleapis.com/auth/firebase","https://www.googleapis.com/auth/cloud-platform"]
[debug] [2026-05-26T14:52:19.597Z] > authorizing via signed-in user (0xdanielflockhart@gmail.com)
[debug] [2026-05-26T14:52:19.599Z] Checked if tokens are valid: false, expires at: 1779637083415
[debug] [2026-05-26T14:52:19.599Z] Checked if tokens are valid: false, expires at: 1779637083415
[debug] [2026-05-26T14:52:19.599Z] > refreshing access token with scopes: []
[debug] [2026-05-26T14:52:19.600Z] >>> [apiv2][query] POST https://www.googleapis.com/oauth2/v3/token [none]
[debug] [2026-05-26T14:52:19.600Z] >>> [apiv2][body] POST https://www.googleapis.com/oauth2/v3/token [omitted]
[debug] [2026-05-26T14:52:19.705Z] <<< [apiv2][status] POST https://www.googleapis.com/oauth2/v3/token 200
[debug] [2026-05-26T14:52:19.705Z] <<< [apiv2][body] POST https://www.googleapis.com/oauth2/v3/token [omitted]
[debug] [2026-05-26T14:52:19.723Z] >>> [apiv2][query] GET https://firebase.googleapis.com/v1beta1/projects pageSize=1000
[debug] [2026-05-26T14:52:19.851Z] <<< [apiv2][status] GET https://firebase-public.firebaseio.com/cli.json 200
[debug] [2026-05-26T14:52:19.851Z] <<< [apiv2][body] GET https://firebase-public.firebaseio.com/cli.json {"cloudBuildErrorAfter":1594252800000,"cloudBuildWarnAfter":1590019200000,"defaultNode10After":1594252800000,"minVersion":"3.0.5","node8DeploysDisabledAfter":1613390400000,"node8RuntimeDisabledAfter":1615809600000,"node8WarnAfter":1600128000000}
[debug] [2026-05-26T14:52:20.198Z] <<< [apiv2][status] GET https://firebase.googleapis.com/v1beta1/projects 200
[debug] [2026-05-26T14:53:20.397Z] ----------------------------------------------------------------------
[debug] [2026-05-26T14:53:20.400Z] Command:       /usr/local/bin/node /Users/danielflockhart/.npm/_npx/147d4d3b63efa26a/node_modules/.bin/firebase deploy --only firestore --project portfolio-c71c8
[debug] [2026-05-26T14:53:20.400Z] CLI Version:   15.15.0
[debug] [2026-05-26T14:53:20.401Z] Platform:      darwin
[debug] [2026-05-26T14:53:20.401Z] Node Version:  v20.16.0
[debug] [2026-05-26T14:53:20.401Z] Time:          Tue May 26 2026 15:53:20 GMT+0100 (British Summer Time)
[debug] [2026-05-26T14:53:20.401Z] ----------------------------------------------------------------------
[debug] 
[debug] [2026-05-26T14:53:21.343Z] > command requires scopes: ["email","openid","https://www.googleapis.com/auth/cloudplatformprojects.readonly","https://www.googleapis.com/auth/firebase","https://www.googleapis.com/auth/cloud-platform"]
[debug] [2026-05-26T14:53:21.344Z] > authorizing via signed-in user (0xdanielflockhart@gmail.com)
[debug] [2026-05-26T14:53:21.344Z] [iam] checking project portfolio-c71c8 for permissions ["datastore.indexes.create","datastore.indexes.delete","datastore.indexes.list","datastore.indexes.update","firebase.projects.get"]
[debug] [2026-05-26T14:53:21.345Z] Checked if tokens are valid: true, expires at: 1779810738706
[debug] [2026-05-26T14:53:21.345Z] Checked if tokens are valid: true, expires at: 1779810738706
[debug] [2026-05-26T14:53:21.346Z] >>> [apiv2][query] POST https://cloudresourcemanager.googleapis.com/v1/projects/portfolio-c71c8:testIamPermissions [none]
[debug] [2026-05-26T14:53:21.347Z] >>> [apiv2][(partial)header] POST https://cloudresourcemanager.googleapis.com/v1/projects/portfolio-c71c8:testIamPermissions  x-goog-user-project=portfolio-c71c8
[debug] [2026-05-26T14:53:21.347Z] >>> [apiv2][body] POST https://cloudresourcemanager.googleapis.com/v1/projects/portfolio-c71c8:testIamPermissions {"permissions":["datastore.indexes.create","datastore.indexes.delete","datastore.indexes.list","datastore.indexes.update","firebase.projects.get"]}
[debug] [2026-05-26T14:53:21.612Z] <<< [apiv2][status] POST https://cloudresourcemanager.googleapis.com/v1/projects/portfolio-c71c8:testIamPermissions 200
[debug] [2026-05-26T14:53:21.613Z] <<< [apiv2][body] POST https://cloudresourcemanager.googleapis.com/v1/projects/portfolio-c71c8:testIamPermissions {"permissions":["datastore.indexes.create","datastore.indexes.delete","datastore.indexes.list","datastore.indexes.update","firebase.projects.get"]}
[info] 
[info] === Deploying to 'portfolio-c71c8'...
[info] 
[info] i  deploying firestore 
[info] i  firestore: ensuring required API firestore.googleapis.com is enabled... 
[debug] [2026-05-26T14:53:21.614Z] Checked if tokens are valid: true, expires at: 1779810738706
[debug] [2026-05-26T14:53:21.614Z] Checked if tokens are valid: true, expires at: 1779810738706
[debug] [2026-05-26T14:53:21.615Z] >>> [apiv2][query] GET https://serviceusage.googleapis.com/v1/projects/portfolio-c71c8/services/firestore.googleapis.com [none]
[debug] [2026-05-26T14:53:21.615Z] >>> [apiv2][(partial)header] GET https://serviceusage.googleapis.com/v1/projects/portfolio-c71c8/services/firestore.googleapis.com  x-goog-user-project=portfolio-c71c8
[debug] [2026-05-26T14:53:22.487Z] <<< [apiv2][status] GET https://serviceusage.googleapis.com/v1/projects/portfolio-c71c8/services/firestore.googleapis.com 200
[debug] [2026-05-26T14:53:22.487Z] <<< [apiv2][body] GET https://serviceusage.googleapis.com/v1/projects/portfolio-c71c8/services/firestore.googleapis.com [omitted]
[info] ✔  firestore: required API firestore.googleapis.com is enabled 
[info] i  firestore: ensuring required API firestore.googleapis.com is enabled... 
[debug] [2026-05-26T14:53:22.503Z] Checked if tokens are valid: true, expires at: 1779810738706
[debug] [2026-05-26T14:53:22.503Z] Checked if tokens are valid: true, expires at: 1779810738706
[debug] [2026-05-26T14:53:22.503Z] >>> [apiv2][query] GET https://firestore.googleapis.com/v1/projects/portfolio-c71c8/databases/(default) [none]
[debug] [2026-05-26T14:53:22.675Z] <<< [apiv2][status] GET https://firestore.googleapis.com/v1/projects/portfolio-c71c8/databases/(default) 200
[debug] [2026-05-26T14:53:22.675Z] <<< [apiv2][body] GET https://firestore.googleapis.com/v1/projects/portfolio-c71c8/databases/(default) {"name":"projects/portfolio-c71c8/databases/(default)","uid":"a5dfa273-fb4b-4d94-b6ea-8536c51bcbb1","createTime":"2026-05-26T14:52:17.479785Z","updateTime":"2026-05-26T14:52:17.479785Z","locationId":"eur3","type":"FIRESTORE_NATIVE","concurrencyMode":"PESSIMISTIC","versionRetentionPeriod":"3600s","earliestVersionTime":"2026-05-26T14:52:17.479785Z","appEngineIntegrationMode":"DISABLED","keyPrefix":"e","pointInTimeRecoveryEnablement":"POINT_IN_TIME_RECOVERY_DISABLED","deleteProtectionState":"DELETE_PROTECTION_DISABLED","databaseEdition":"STANDARD","freeTier":true,"realtimeUpdatesMode":"REALTIME_UPDATES_MODE_ENABLED","etag":"INHx18Ca15QDMIepoaSa15QD"}
[info] i  firestore: reading indexes from firestore.indexes.json... 
[info] i  cloud.firestore: checking firestore.rules for compilation errors... 
[debug] [2026-05-26T14:53:22.677Z] Checked if tokens are valid: true, expires at: 1779810738706
[debug] [2026-05-26T14:53:22.678Z] Checked if tokens are valid: true, expires at: 1779810738706
[debug] [2026-05-26T14:53:22.678Z] >>> [apiv2][query] POST https://firebaserules.googleapis.com/v1/projects/portfolio-c71c8:test [none]
[debug] [2026-05-26T14:53:22.678Z] >>> [apiv2][body] POST https://firebaserules.googleapis.com/v1/projects/portfolio-c71c8:test [omitted]
[debug] [2026-05-26T14:53:23.045Z] <<< [apiv2][status] POST https://firebaserules.googleapis.com/v1/projects/portfolio-c71c8:test 200
[debug] [2026-05-26T14:53:23.046Z] <<< [apiv2][body] POST https://firebaserules.googleapis.com/v1/projects/portfolio-c71c8:test {}
[info] ✔  cloud.firestore: rules file firestore.rules compiled successfully 
[debug] [2026-05-26T14:53:23.049Z] Checked if tokens are valid: true, expires at: 1779810738706
[debug] [2026-05-26T14:53:23.049Z] Checked if tokens are valid: true, expires at: 1779810738706
[debug] [2026-05-26T14:53:23.050Z] >>> [apiv2][query] GET https://firebaserules.googleapis.com/v1/projects/portfolio-c71c8/releases pageSize=10&pageToken=
[debug] [2026-05-26T14:53:23.737Z] <<< [apiv2][status] GET https://firebaserules.googleapis.com/v1/projects/portfolio-c71c8/releases 200
[debug] [2026-05-26T14:53:23.737Z] <<< [apiv2][body] GET https://firebaserules.googleapis.com/v1/projects/portfolio-c71c8/releases {"releases":[{"name":"projects/portfolio-c71c8/releases/cloud.firestore","rulesetName":"projects/portfolio-c71c8/rulesets/a91d336f-b252-4d06-982f-3051d67479d0","createTime":"2026-05-26T14:52:19.221520Z","updateTime":"2026-05-26T14:52:19.221520Z"}]}
[debug] [2026-05-26T14:53:23.738Z] Checked if tokens are valid: true, expires at: 1779810738706
[debug] [2026-05-26T14:53:23.738Z] Checked if tokens are valid: true, expires at: 1779810738706
[debug] [2026-05-26T14:53:23.738Z] >>> [apiv2][query] GET https://firebaserules.googleapis.com/v1/projects/portfolio-c71c8/rulesets/a91d336f-b252-4d06-982f-3051d67479d0 [none]
[debug] [2026-05-26T14:53:24.410Z] <<< [apiv2][status] GET https://firebaserules.googleapis.com/v1/projects/portfolio-c71c8/rulesets/a91d336f-b252-4d06-982f-3051d67479d0 200
[debug] [2026-05-26T14:53:24.410Z] <<< [apiv2][body] GET https://firebaserules.googleapis.com/v1/projects/portfolio-c71c8/rulesets/a91d336f-b252-4d06-982f-3051d67479d0 [omitted]
[info] i  firestore: uploading rules firestore.rules... 
[debug] [2026-05-26T14:53:24.412Z] Checked if tokens are valid: true, expires at: 1779810738706
[debug] [2026-05-26T14:53:24.412Z] Checked if tokens are valid: true, expires at: 1779810738706
[debug] [2026-05-26T14:53:24.413Z] >>> [apiv2][query] POST https://firebaserules.googleapis.com/v1/projects/portfolio-c71c8/rulesets [none]
[debug] [2026-05-26T14:53:24.413Z] >>> [apiv2][body] POST https://firebaserules.googleapis.com/v1/projects/portfolio-c71c8/rulesets [omitted]
[debug] [2026-05-26T14:53:24.816Z] <<< [apiv2][status] POST https://firebaserules.googleapis.com/v1/projects/portfolio-c71c8/rulesets 200
[debug] [2026-05-26T14:53:24.816Z] <<< [apiv2][body] POST https://firebaserules.googleapis.com/v1/projects/portfolio-c71c8/rulesets {"name":"projects/portfolio-c71c8/rulesets/9c25bdae-3c2a-4568-9088-5d4f36f53df9","source":{"files":[{"content":"rules_version = '2';\n\nservice cloud.firestore {\n  match /databases/{database}/documents {\n    // Public CMS content. Write it from Firebase Console, trusted admin scripts, or a future dashboard.\n    match /projects/{projectId} {\n      allow read: if resource.data.visibility == \"published\";\n      allow write: if false;\n    }\n\n    match /writing/{writingId} {\n      allow read: if resource.data.visibility == \"published\";\n      allow write: if false;\n    }\n\n    // Contact messages are written by the server route with Firebase Admin SDK, which bypasses rules.\n    // Do not allow client-side reads/writes here unless you add App Check, Auth and rate limiting.\n    match /contactMessages/{messageId} {\n      allow read, write: if false;\n    }\n  }\n}\n","name":"firestore.rules"}]},"createTime":"2026-05-26T14:53:24.777151Z","metadata":{"services":["cloud.firestore"]}}
[debug] [2026-05-26T14:53:24.816Z] [rules] created ruleset projects/portfolio-c71c8/rulesets/9c25bdae-3c2a-4568-9088-5d4f36f53df9
[info] i  firestore: deploying indexes... 
[debug] [2026-05-26T14:53:24.819Z] Checked if tokens are valid: true, expires at: 1779810738706
[debug] [2026-05-26T14:53:24.819Z] Checked if tokens are valid: true, expires at: 1779810738706
[debug] [2026-05-26T14:53:24.819Z] >>> [apiv2][query] GET https://firestore.googleapis.com/v1/projects/portfolio-c71c8/databases/(default)/collectionGroups/-/indexes [none]
[debug] [2026-05-26T14:53:24.989Z] <<< [apiv2][status] GET https://firestore.googleapis.com/v1/projects/portfolio-c71c8/databases/(default)/collectionGroups/-/indexes 200
[debug] [2026-05-26T14:53:24.990Z] <<< [apiv2][body] GET https://firestore.googleapis.com/v1/projects/portfolio-c71c8/databases/(default)/collectionGroups/-/indexes {}
[debug] [2026-05-26T14:53:24.990Z] Checked if tokens are valid: true, expires at: 1779810738706
[debug] [2026-05-26T14:53:24.990Z] Checked if tokens are valid: true, expires at: 1779810738706
[debug] [2026-05-26T14:53:24.991Z] >>> [apiv2][query] GET https://firestore.googleapis.com/v1/projects/portfolio-c71c8/databases/(default)/collectionGroups/-/fields?filter=indexConfig.usesAncestorConfig=false OR ttlConfig:* [none]
[debug] [2026-05-26T14:53:25.104Z] <<< [apiv2][status] GET https://firestore.googleapis.com/v1/projects/portfolio-c71c8/databases/(default)/collectionGroups/-/fields?filter=indexConfig.usesAncestorConfig=false OR ttlConfig:* 200
[debug] [2026-05-26T14:53:25.104Z] <<< [apiv2][body] GET https://firestore.googleapis.com/v1/projects/portfolio-c71c8/databases/(default)/collectionGroups/-/fields?filter=indexConfig.usesAncestorConfig=false OR ttlConfig:* {"fields":[{"name":"projects/portfolio-c71c8/databases/(default)/collectionGroups/__default__/fields/*","indexConfig":{"indexes":[{"queryScope":"COLLECTION","fields":[{"fieldPath":"*","order":"ASCENDING"}],"state":"READY"},{"queryScope":"COLLECTION","fields":[{"fieldPath":"*","order":"DESCENDING"}],"state":"READY"},{"queryScope":"COLLECTION","fields":[{"fieldPath":"*","arrayConfig":"CONTAINS"}],"state":"READY"}]}}]}
[debug] [2026-05-26T14:53:25.104Z] Checked if tokens are valid: true, expires at: 1779810738706
[debug] [2026-05-26T14:53:25.105Z] Checked if tokens are valid: true, expires at: 1779810738706
[debug] [2026-05-26T14:53:25.105Z] >>> [apiv2][query] GET https://firestore.googleapis.com/v1/projects/portfolio-c71c8/databases/(default) [none]
[debug] [2026-05-26T14:53:25.181Z] <<< [apiv2][status] GET https://firestore.googleapis.com/v1/projects/portfolio-c71c8/databases/(default) 200
[debug] [2026-05-26T14:53:25.181Z] <<< [apiv2][body] GET https://firestore.googleapis.com/v1/projects/portfolio-c71c8/databases/(default) {"name":"projects/portfolio-c71c8/databases/(default)","uid":"a5dfa273-fb4b-4d94-b6ea-8536c51bcbb1","createTime":"2026-05-26T14:52:17.479785Z","updateTime":"2026-05-26T14:52:17.479785Z","locationId":"eur3","type":"FIRESTORE_NATIVE","concurrencyMode":"PESSIMISTIC","versionRetentionPeriod":"3600s","earliestVersionTime":"2026-05-26T14:52:17.479785Z","appEngineIntegrationMode":"DISABLED","keyPrefix":"e","pointInTimeRecoveryEnablement":"POINT_IN_TIME_RECOVERY_DISABLED","deleteProtectionState":"DELETE_PROTECTION_DISABLED","databaseEdition":"STANDARD","freeTier":true,"realtimeUpdatesMode":"REALTIME_UPDATES_MODE_ENABLED","etag":"IISx8MGa15QDMIepoaSa15QD"}
[debug] [2026-05-26T14:53:25.181Z] Creating new index: {"collectionGroup":"projects","queryScope":"COLLECTION","fields":[{"fieldPath":"visibility","order":"ASCENDING"},{"fieldPath":"featuredOrder","order":"ASCENDING"}]}
[debug] [2026-05-26T14:53:25.182Z] Checked if tokens are valid: true, expires at: 1779810738706
[debug] [2026-05-26T14:53:25.182Z] Checked if tokens are valid: true, expires at: 1779810738706
[debug] [2026-05-26T14:53:25.182Z] >>> [apiv2][query] POST https://firestore.googleapis.com/v1/projects/portfolio-c71c8/databases/(default)/collectionGroups/projects/indexes [none]
[debug] [2026-05-26T14:53:25.182Z] >>> [apiv2][body] POST https://firestore.googleapis.com/v1/projects/portfolio-c71c8/databases/(default)/collectionGroups/projects/indexes {"fields":[{"fieldPath":"visibility","order":"ASCENDING"},{"fieldPath":"featuredOrder","order":"ASCENDING"}],"queryScope":"COLLECTION"}
[debug] [2026-05-26T14:53:25.423Z] <<< [apiv2][status] POST https://firestore.googleapis.com/v1/projects/portfolio-c71c8/databases/(default)/collectionGroups/projects/indexes 200
[debug] [2026-05-26T14:53:25.424Z] <<< [apiv2][body] POST https://firestore.googleapis.com/v1/projects/portfolio-c71c8/databases/(default)/collectionGroups/projects/indexes {"name":"projects/portfolio-c71c8/databases/(default)/operations/S0U0aFhqT2dBQ0lDDCoDIDRhNjAxZTQ4N2M1MC1lZTg4LTY1NTQtZWNlMS03NjY0MDkwNyQac2VuaWxlcGlwCQpBEg","metadata":{"@type":"type.googleapis.com/google.firestore.admin.v1.IndexOperationMetadata","startTime":"2026-05-26T14:53:25.415674Z","index":"projects/portfolio-c71c8/databases/(default)/collectionGroups/projects/indexes/CICAgOjXh4EK","state":"INITIALIZING"}}
[info] ✔  firestore: deployed indexes in firestore.indexes.json successfully for (default) database 
[debug] [2026-05-26T14:53:25.424Z] [rules] releasing cloud.firestore/(default) with ruleset projects/portfolio-c71c8/rulesets/9c25bdae-3c2a-4568-9088-5d4f36f53df9
[debug] [2026-05-26T14:53:25.425Z] Checked if tokens are valid: true, expires at: 1779810738706
[debug] [2026-05-26T14:53:25.425Z] Checked if tokens are valid: true, expires at: 1779810738706
[debug] [2026-05-26T14:53:25.426Z] >>> [apiv2][query] PATCH https://firebaserules.googleapis.com/v1/projects/portfolio-c71c8/releases/cloud.firestore/(default) [none]
[debug] [2026-05-26T14:53:25.426Z] >>> [apiv2][body] PATCH https://firebaserules.googleapis.com/v1/projects/portfolio-c71c8/releases/cloud.firestore/(default) {"release":{"name":"projects/portfolio-c71c8/releases/cloud.firestore/(default)","rulesetName":"projects/portfolio-c71c8/rulesets/9c25bdae-3c2a-4568-9088-5d4f36f53df9"}}
[debug] [2026-05-26T14:53:26.399Z] <<< [apiv2][status] PATCH https://firebaserules.googleapis.com/v1/projects/portfolio-c71c8/releases/cloud.firestore/(default) 200
